// Jest Snapshot v1, https://goo.gl/fbAQLP

exports[`Home Screen Matches Snapshot 1`] = `
<View
  style={
    Object {
      "alignItems": "center",
      "backgroundColor": "#313136",
      "flex": 1,
      "padding": 30,
    }
  }
>
  <View
    style={
      Object {
        "marginBottom": 30,
        "marginTop": 150,
      }
    }
  >
    <View
      accessible={true}
      clickable={true}
      isTVSelectable={true}
      onClick={[Function]}
      onResponderGrant={[Function]}
      onResponderMove={[Function]}
      onResponderRelease={[Function]}
      onResponderTerminate={[Function]}
      onResponderTerminationRequest={[Function]}
      onStartShouldSetResponder={[Function]}
      style={null}
    >
      <Image
        source={
          Object {
            "testUri": "../../../assets/images/scanButton.png",
          }
        }
        style={
          Object {
            "height": 100,
            "width": 200,
          }
        }
      />
    </View>
  </View>
  <View
    accessible={true}
    clickable={true}
    isTVSelectable={true}
    onClick={[Function]}
    onResponderGrant={[Function]}
    onResponderMove={[Function]}
    onResponderRelease={[Function]}
    onResponderTerminate={[Function]}
    onResponderTerminationRequest={[Function]}
    onStartShouldSetResponder={[Function]}
    style={null}
  >
    <Image
      source={
        Object {
          "testUri": "../../../assets/images/photoGalleryButton.png",
        }
      }
      style={
        Object {
          "height": 100,
          "width": 200,
        }
      }
    />
  </View>
</View>
`;
